[ +158 ms] Artifact Instance of 'MaterialFonts' is not required, skipping update.
[        ] Artifact Instance of 'GradleWrapper' is not required, skipping update.
[        ] Artifact Instance of 'AndroidGenSnapshotArtifacts' is not required, skipping update.
[        ] Artifact Instance of 'AndroidInternalBuildArtifacts' is not required, skipping update.
[        ] Artifact Instance of 'IOSEngineArtifacts' is not required, skipping update.
[        ] Artifact Instance of 'FlutterWebSdk' is not required, skipping update.
[        ] Artifact Instance of 'LegacyCanvasKitRemover' is not required, skipping update.
[        ] Artifact Instance of 'FlutterSdk' is not required, skipping update.
[        ] Artifact Instance of 'WindowsEngineArtifacts' is not required, skipping update.
[        ] Artifact Instance of 'MacOSEngineArtifacts' is not required, skipping update.
[        ] Artifact Instance of 'LinuxEngineArtifacts' is not required, skipping update.
[        ] Artifact Instance of 'LinuxFuchsiaSDKArtifacts' is not required, skipping update.
[        ] Artifact Instance of 'MacOSFuchsiaSDKArtifacts' is not required, skipping update.
[        ] Artifact Instance of 'FlutterRunnerSDKArtifacts' is not required, skipping update.
[        ] Artifact Instance of 'FlutterRunnerDebugSymbols' is not required, skipping update.
[        ] Artifact Instance of 'IosUsbArtifacts' is not required, skipping update.
[        ] Artifact Instance of 'IosUsbArtifacts' is not required, skipping update.
[        ] Artifact Instance of 'IosUsbArtifacts' is not required, skipping update.
[        ] Artifact Instance of 'IosUsbArtifacts' is not required, skipping update.
[        ] Artifact Instance of 'IosUsbArtifacts' is not required, skipping update.
[        ] Artifact Instance of 'IosUsbArtifacts' is not required, skipping update.
[        ] Artifact Instance of 'FontSubsetArtifacts' is not required, skipping update.
[        ] Artifact Instance of 'PubDependencies' is not required, skipping update.
[  +89 ms] Artifact Instance of 'AndroidGenSnapshotArtifacts' is not required, skipping update.
[        ] Artifact Instance of 'AndroidInternalBuildArtifacts' is not required, skipping update.
[        ] Artifact Instance of 'IOSEngineArtifacts' is not required, skipping update.
[        ] Artifact Instance of 'FlutterWebSdk' is not required, skipping update.
[        ] Artifact Instance of 'FlutterEngineStamp' is not required, skipping update.
[        ] Artifact Instance of 'LegacyCanvasKitRemover' is not required, skipping update.
[   +2 ms] Artifact Instance of 'WindowsEngineArtifacts' is not required, skipping update.
[        ] Artifact Instance of 'MacOSEngineArtifacts' is not required, skipping update.
[        ] Artifact Instance of 'LinuxEngineArtifacts' is not required, skipping update.
[        ] Artifact Instance of 'LinuxFuchsiaSDKArtifacts' is not required, skipping update.
[        ] Artifact Instance of 'MacOSFuchsiaSDKArtifacts' is not required, skipping update.
[        ] Artifact Instance of 'FlutterRunnerSDKArtifacts' is not required, skipping update.
[        ] Artifact Instance of 'FlutterRunnerDebugSymbols' is not required, skipping update.
[  +67 ms] executing: C:\Users\berka\AppData\Local\Android\Sdk\platform-tools\adb.exe devices -l
[  +48 ms] List of devices attached
           emulator-5554          device product:sdk_gphone64_x86_64 model:sdk_gphone64_x86_64 device:emu64xa transport_id:1
[   +6 ms] C:\Users\berka\AppData\Local\Android\Sdk\platform-tools\adb.exe -s emulator-5554 shell getprop
[  +59 ms] Artifact Instance of 'AndroidInternalBuildArtifacts' is not required, skipping update.
[        ] Artifact Instance of 'IOSEngineArtifacts' is not required, skipping update.
[        ] Artifact Instance of 'FlutterWebSdk' is not required, skipping update.
[        ] Artifact Instance of 'FlutterEngineStamp' is not required, skipping update.
[        ] Artifact Instance of 'LegacyCanvasKitRemover' is not required, skipping update.
[   +1 ms] Artifact Instance of 'WindowsEngineArtifacts' is not required, skipping update.
[        ] Artifact Instance of 'MacOSEngineArtifacts' is not required, skipping update.
[        ] Artifact Instance of 'LinuxEngineArtifacts' is not required, skipping update.
[        ] Artifact Instance of 'LinuxFuchsiaSDKArtifacts' is not required, skipping update.
[        ] Artifact Instance of 'MacOSFuchsiaSDKArtifacts' is not required, skipping update.
[        ] Artifact Instance of 'FlutterRunnerSDKArtifacts' is not required, skipping update.
[        ] Artifact Instance of 'FlutterRunnerDebugSymbols' is not required, skipping update.
[  +84 ms] Skipping pub get: version match.
[  +68 ms] Found plugin shared_preferences at C:\Users\berka\AppData\Local\Pub\Cache\hosted\pub.dev\shared_preferences-2.5.4\
[   +4 ms] Found plugin shared_preferences_windows at C:\Users\berka\AppData\Local\Pub\Cache\hosted\pub.dev\shared_preferences_windows-2.4.1\
[   +5 ms] Found plugin path_provider_windows at C:\Users\berka\AppData\Local\Pub\Cache\hosted\pub.dev\path_provider_windows-2.3.0\
[   +6 ms] Found plugin shared_preferences_web at C:\Users\berka\AppData\Local\Pub\Cache\hosted\pub.dev\shared_preferences_web-2.4.3\
[   +3 ms] Found plugin shared_preferences_linux at C:\Users\berka\AppData\Local\Pub\Cache\hosted\pub.dev\shared_preferences_linux-2.4.1\
[   +2 ms] Found plugin path_provider_linux at C:\Users\berka\AppData\Local\Pub\Cache\hosted\pub.dev\path_provider_linux-2.2.1\
[   +2 ms] Found plugin shared_preferences_foundation at C:\Users\berka\AppData\Local\Pub\Cache\hosted\pub.dev\shared_preferences_foundation-2.5.6\
[   +2 ms] Found plugin shared_preferences_android at C:\Users\berka\AppData\Local\Pub\Cache\hosted\pub.dev\shared_preferences_android-2.4.21\
[   +6 ms] Found plugin google_sign_in at C:\Users\berka\AppData\Local\Pub\Cache\hosted\pub.dev\google_sign_in-7.2.0\
[   +1 ms] Found plugin google_sign_in_web at C:\Users\berka\AppData\Local\Pub\Cache\hosted\pub.dev\google_sign_in_web-1.1.3\
[   +7 ms] Found plugin google_sign_in_ios at C:\Users\berka\AppData\Local\Pub\Cache\hosted\pub.dev\google_sign_in_ios-6.2.5\
[   +2 ms] Found plugin google_sign_in_android at C:\Users\berka\AppData\Local\Pub\Cache\hosted\pub.dev\google_sign_in_android-7.2.9\
[   +3 ms] Found plugin path_provider at C:\Users\berka\AppData\Local\Pub\Cache\hosted\pub.dev\path_provider-2.1.5\
[   +1 ms] Found plugin path_provider_foundation at C:\Users\berka\AppData\Local\Pub\Cache\hosted\pub.dev\path_provider_foundation-2.5.1\
[   +1 ms] Found plugin path_provider_android at C:\Users\berka\AppData\Local\Pub\Cache\hosted\pub.dev\path_provider_android-2.2.22\
[   +4 ms] Found plugin firebase_core at C:\Users\berka\AppData\Local\Pub\Cache\hosted\pub.dev\firebase_core-4.5.0\
[   +2 ms] Found plugin firebase_core_web at C:\Users\berka\AppData\Local\Pub\Cache\hosted\pub.dev\firebase_core_web-3.5.0\
[   +3 ms] Found plugin firebase_auth at C:\Users\berka\AppData\Local\Pub\Cache\hosted\pub.dev\firebase_auth-6.2.0\
[   +2 ms] Found plugin firebase_auth_web at C:\Users\berka\AppData\Local\Pub\Cache\hosted\pub.dev\firebase_auth_web-6.1.3\
[   +3 ms] Found plugin cloud_firestore at C:\Users\berka\AppData\Local\Pub\Cache\hosted\pub.dev\cloud_firestore-6.1.3\
[   +1 ms] Found plugin cloud_firestore_web at C:\Users\berka\AppData\Local\Pub\Cache\hosted\pub.dev\cloud_firestore_web-5.1.3\
[  +45 ms] Found plugin shared_preferences at C:\Users\berka\AppData\Local\Pub\Cache\hosted\pub.dev\shared_preferences-2.5.4\
[   +1 ms] Found plugin shared_preferences_windows at C:\Users\berka\AppData\Local\Pub\Cache\hosted\pub.dev\shared_preferences_windows-2.4.1\
[   +2 ms] Found plugin path_provider_windows at C:\Users\berka\AppData\Local\Pub\Cache\hosted\pub.dev\path_provider_windows-2.3.0\
[   +4 ms] Found plugin shared_preferences_web at C:\Users\berka\AppData\Local\Pub\Cache\hosted\pub.dev\shared_preferences_web-2.4.3\
[   +2 ms] Found plugin shared_preferences_linux at C:\Users\berka\AppData\Local\Pub\Cache\hosted\pub.dev\shared_preferences_linux-2.4.1\
[        ] Found plugin path_provider_linux at C:\Users\berka\AppData\Local\Pub\Cache\hosted\pub.dev\path_provider_linux-2.2.1\
[   +1 ms] Found plugin shared_preferences_foundation at C:\Users\berka\AppData\Local\Pub\Cache\hosted\pub.dev\shared_preferences_foundation-2.5.6\
[        ] Found plugin shared_preferences_android at C:\Users\berka\AppData\Local\Pub\Cache\hosted\pub.dev\shared_preferences_android-2.4.21\
[   +3 ms] Found plugin google_sign_in at C:\Users\berka\AppData\Local\Pub\Cache\hosted\pub.dev\google_sign_in-7.2.0\
[        ] Found plugin google_sign_in_web at C:\Users\berka\AppData\Local\Pub\Cache\hosted\pub.dev\google_sign_in_web-1.1.3\
[   +5 ms] Found plugin google_sign_in_ios at C:\Users\berka\AppData\Local\Pub\Cache\hosted\pub.dev\google_sign_in_ios-6.2.5\
[        ] Found plugin google_sign_in_android at C:\Users\berka\AppData\Local\Pub\Cache\hosted\pub.dev\google_sign_in_android-7.2.9\
[   +1 ms] Found plugin path_provider at C:\Users\berka\AppData\Local\Pub\Cache\hosted\pub.dev\path_provider-2.1.5\
[        ] Found plugin path_provider_foundation at C:\Users\berka\AppData\Local\Pub\Cache\hosted\pub.dev\path_provider_foundation-2.5.1\
[        ] Found plugin path_provider_android at C:\Users\berka\AppData\Local\Pub\Cache\hosted\pub.dev\path_provider_android-2.2.22\
[   +2 ms] Found plugin firebase_core at C:\Users\berka\AppData\Local\Pub\Cache\hosted\pub.dev\firebase_core-4.5.0\
[        ] Found plugin firebase_core_web at C:\Users\berka\AppData\Local\Pub\Cache\hosted\pub.dev\firebase_core_web-3.5.0\
[   +1 ms] Found plugin firebase_auth at C:\Users\berka\AppData\Local\Pub\Cache\hosted\pub.dev\firebase_auth-6.2.0\
[        ] Found plugin firebase_auth_web at C:\Users\berka\AppData\Local\Pub\Cache\hosted\pub.dev\firebase_auth_web-6.1.3\
[   +2 ms] Found plugin cloud_firestore at C:\Users\berka\AppData\Local\Pub\Cache\hosted\pub.dev\cloud_firestore-6.1.3\
[   +1 ms] Found plugin cloud_firestore_web at C:\Users\berka\AppData\Local\Pub\Cache\hosted\pub.dev\cloud_firestore_web-5.1.3\
[   +9 ms] Skipping generating web_plugin_registrant.dart because it is up-to-date.
[  +22 ms] Found plugin shared_preferences at C:\Users\berka\AppData\Local\Pub\Cache\hosted\pub.dev\shared_preferences-2.5.4\
[   +1 ms] Found plugin shared_preferences_windows at C:\Users\berka\AppData\Local\Pub\Cache\hosted\pub.dev\shared_preferences_windows-2.4.1\
[   +2 ms] Found plugin path_provider_windows at C:\Users\berka\AppData\Local\Pub\Cache\hosted\pub.dev\path_provider_windows-2.3.0\
[   +3 ms] Found plugin shared_preferences_web at C:\Users\berka\AppData\Local\Pub\Cache\hosted\pub.dev\shared_preferences_web-2.4.3\
[   +2 ms] Found plugin shared_preferences_linux at C:\Users\berka\AppData\Local\Pub\Cache\hosted\pub.dev\shared_preferences_linux-2.4.1\
[   +1 ms] Found plugin path_provider_linux at C:\Users\berka\AppData\Local\Pub\Cache\hosted\pub.dev\path_provider_linux-2.2.1\
[   +2 ms] Found plugin shared_preferences_foundation at C:\Users\berka\AppData\Local\Pub\Cache\hosted\pub.dev\shared_preferences_foundation-2.5.6\
[        ] Found plugin shared_preferences_android at C:\Users\berka\AppData\Local\Pub\Cache\hosted\pub.dev\shared_preferences_android-2.4.21\
[   +2 ms] Found plugin google_sign_in at C:\Users\berka\AppData\Local\Pub\Cache\hosted\pub.dev\google_sign_in-7.2.0\
[   +1 ms] Found plugin google_sign_in_web at C:\Users\berka\AppData\Local\Pub\Cache\hosted\pub.dev\google_sign_in_web-1.1.3\
[   +3 ms] Found plugin google_sign_in_ios at C:\Users\berka\AppData\Local\Pub\Cache\hosted\pub.dev\google_sign_in_ios-6.2.5\
[        ] Found plugin google_sign_in_android at C:\Users\berka\AppData\Local\Pub\Cache\hosted\pub.dev\google_sign_in_android-7.2.9\
[   +1 ms] Found plugin path_provider at C:\Users\berka\AppData\Local\Pub\Cache\hosted\pub.dev\path_provider-2.1.5\
[        ] Found plugin path_provider_foundation at C:\Users\berka\AppData\Local\Pub\Cache\hosted\pub.dev\path_provider_foundation-2.5.1\
[        ] Found plugin path_provider_android at C:\Users\berka\AppData\Local\Pub\Cache\hosted\pub.dev\path_provider_android-2.2.22\
[   +3 ms] Found plugin firebase_core at C:\Users\berka\AppData\Local\Pub\Cache\hosted\pub.dev\firebase_core-4.5.0\
[   +1 ms] Found plugin firebase_core_web at C:\Users\berka\AppData\Local\Pub\Cache\hosted\pub.dev\firebase_core_web-3.5.0\
[   +2 ms] Found plugin firebase_auth at C:\Users\berka\AppData\Local\Pub\Cache\hosted\pub.dev\firebase_auth-6.2.0\
[   +1 ms] Found plugin firebase_auth_web at C:\Users\berka\AppData\Local\Pub\Cache\hosted\pub.dev\firebase_auth_web-6.1.3\
[   +2 ms] Found plugin cloud_firestore at C:\Users\berka\AppData\Local\Pub\Cache\hosted\pub.dev\cloud_firestore-6.1.3\
[        ] Found plugin cloud_firestore_web at C:\Users\berka\AppData\Local\Pub\Cache\hosted\pub.dev\cloud_firestore_web-5.1.3\
[   +4 ms] Generating C:\Users\berka\.gemini\antigravity\scratch\quiz_app\android\app\src\main\java\io\flutter\plugins\GeneratedPluginRegistrant.java
[   +1 ms] Skipping generating GeneratedPluginRegistrant.java because it is up-to-date.
[   +4 ms] Skipping generating generated_plugin_registrant.h because it is up-to-date.
[   +1 ms] Skipping generating generated_plugin_registrant.cc because it is up-to-date.
[   +1 ms] Skipping generating generated_plugins.cmake because it is up-to-date.
[   +2 ms] Skipping generating generated_plugin_registrant.h because it is up-to-date.
[        ] Skipping generating generated_plugin_registrant.cc because it is up-to-date.
[   +1 ms] Skipping generating generated_plugins.cmake because it is up-to-date.
[   +1 ms] Skipping generating GeneratedPluginRegistrant.h because it is up-to-date.
[        ] Skipping generating GeneratedPluginRegistrant.m because it is up-to-date.
[   +1 ms] Skipping generating GeneratedPluginRegistrant.swift because it is up-to-date.
[  +39 ms] ro.hardware = ranchu
[  +44 ms] Initializing file store
[   +8 ms] Skipping target: gen_localizations
[   +1 ms] gen_dart_plugin_registrant: Starting due to {InvalidatedReasonKind.inputChanged: The following inputs have updated contents: C:\Users\berka\.gemini\antigravity\scratch\quiz_app\.dart_tool\package_config.json,C:\Users\berka\.gemini\antigravity\scratch\quiz_app\.dart_tool\flutter_build\dart_plugin_registrant.dart}
[  +57 ms] Found plugin shared_preferences at C:\Users\berka\AppData\Local\Pub\Cache\hosted\pub.dev\shared_preferences-2.5.4\
[        ] Found plugin shared_preferences_windows at C:\Users\berka\AppData\Local\Pub\Cache\hosted\pub.dev\shared_preferences_windows-2.4.1\
[   +2 ms] Found plugin path_provider_windows at C:\Users\berka\AppData\Local\Pub\Cache\hosted\pub.dev\path_provider_windows-2.3.0\
[   +3 ms] Found plugin shared_preferences_web at C:\Users\berka\AppData\Local\Pub\Cache\hosted\pub.dev\shared_preferences_web-2.4.3\
[   +2 ms] Found plugin shared_preferences_linux at C:\Users\berka\AppData\Local\Pub\Cache\hosted\pub.dev\shared_preferences_linux-2.4.1\
[        ] Found plugin path_provider_linux at C:\Users\berka\AppData\Local\Pub\Cache\hosted\pub.dev\path_provider_linux-2.2.1\
[   +1 ms] Found plugin shared_preferences_foundation at C:\Users\berka\AppData\Local\Pub\Cache\hosted\pub.dev\shared_preferences_foundation-2.5.6\
[        ] Found plugin shared_preferences_android at C:\Users\berka\AppData\Local\Pub\Cache\hosted\pub.dev\shared_preferences_android-2.4.21\
[   +2 ms] Found plugin google_sign_in at C:\Users\berka\AppData\Local\Pub\Cache\hosted\pub.dev\google_sign_in-7.2.0\
[   +1 ms] Found plugin google_sign_in_web at C:\Users\berka\AppData\Local\Pub\Cache\hosted\pub.dev\google_sign_in_web-1.1.3\
[   +5 ms] Found plugin google_sign_in_ios at C:\Users\berka\AppData\Local\Pub\Cache\hosted\pub.dev\google_sign_in_ios-6.2.5\
[   +1 ms] Found plugin google_sign_in_android at C:\Users\berka\AppData\Local\Pub\Cache\hosted\pub.dev\google_sign_in_android-7.2.9\
[   +1 ms] Found plugin path_provider at C:\Users\berka\AppData\Local\Pub\Cache\hosted\pub.dev\path_provider-2.1.5\
[   +1 ms] Found plugin path_provider_foundation at C:\Users\berka\AppData\Local\Pub\Cache\hosted\pub.dev\path_provider_foundation-2.5.1\
[        ] Found plugin path_provider_android at C:\Users\berka\AppData\Local\Pub\Cache\hosted\pub.dev\path_provider_android-2.2.22\
[   +3 ms] Found plugin firebase_core at C:\Users\berka\AppData\Local\Pub\Cache\hosted\pub.dev\firebase_core-4.5.0\
[        ] Found plugin firebase_core_web at C:\Users\berka\AppData\Local\Pub\Cache\hosted\pub.dev\firebase_core_web-3.5.0\
[   +2 ms] Found plugin firebase_auth at C:\Users\berka\AppData\Local\Pub\Cache\hosted\pub.dev\firebase_auth-6.2.0\
[        ] Found plugin firebase_auth_web at C:\Users\berka\AppData\Local\Pub\Cache\hosted\pub.dev\firebase_auth_web-6.1.3\
[   +2 ms] Found plugin cloud_firestore at C:\Users\berka\AppData\Local\Pub\Cache\hosted\pub.dev\cloud_firestore-6.1.3\
[   +1 ms] Found plugin cloud_firestore_web at C:\Users\berka\AppData\Local\Pub\Cache\hosted\pub.dev\cloud_firestore_web-5.1.3\
[   +4 ms] Skipping generating dart_plugin_registrant.dart because it is up-to-date.
[        ] gen_dart_plugin_registrant: Complete
[   +1 ms] Skipping target: _composite
[   +1 ms] complete
[   +3 ms] Launching lib\main.dart on sdk gphone64 x86 64 in debug mode...
[   +3 ms] C:\Users\berka\Desktop\flutter\bin\cache\dart-sdk\bin\dartaotruntime.exe C:\Users\berka\Desktop\flutter\bin\cache\dart-sdk\bin\snapshots\frontend_server_aot.dart.snapshot --sdk-root C:\Users\berka\Desktop\flutter\bin\cache\artifacts\engine\common\flutter_patched_sdk/ --incremental --target=flutter --experimental-emit-debug-metadata -DFLUTTER_VERSION=3.35.1 -DFLUTTER_CHANNEL=stable -DFLUTTER_GIT_URL=https://github.com/flutter/flutter.git -DFLUTTER_FRAMEWORK_REVISION=20f8274939 -DFLUTTER_ENGINE_REVISION=1e9a811bf8 -DFLUTTER_DART_VERSION=3.9.0 --output-dill C:\Users\berka\AppData\Local\Temp\flutter_tools.3dc21e22\flutter_tool.d39078c6\app.dill --packages C:\Users\berka\.gemini\antigravity\scratch\quiz_app\.dart_tool\package_config.json -Ddart.vm.profile=false -Ddart.vm.product=false --enable-asserts --track-widget-creation --filesystem-scheme org-dartlang-root --initialize-from-dill build\d2976540244dba7be000c4f9690bfe66.cache.dill.track.dill --source file:///C:/Users/berka/.gemini/antigravity/scratch/quiz_app/.dart_tool/flutter_build/dart_plugin_registrant.dart --source package:flutter/src/dart_plugin_registrant.dart -Dflutter.dart_plugin_registrant=file:///C:/Users/berka/.gemini/antigravity/scratch/quiz_app/.dart_tool/flutter_build/dart_plugin_registrant.dart --verbosity=error --enable-experiment=alternative-invalidation-strategy
[   +8 ms] executing: C:\Users\berka\AppData\Local\Android\Sdk\platform-tools\adb.exe -s emulator-5554 shell -x logcat -v time -t 1
[  +10 ms] <- compile package:quiz_app/main.dart
[  +87 ms] --------- beginning of main
           03-13 20:15:56.712 D/ConnectivityService(  694): handleLingerComplete for [101 CELLULAR]
[   +8 ms] executing: C:\Users\berka\AppData\Local\Android\Sdk\platform-tools\adb.exe version
[  +37 ms] Android Debug Bridge version 1.0.41
           Version 36.0.0-13206524
           Installed as C:\Users\berka\AppData\Local\Android\Sdk\platform-tools\adb.exe
           Running on Windows 10.0.26200
[   +1 ms] executing: C:\Users\berka\AppData\Local\Android\Sdk\platform-tools\adb.exe start-server
[  +39 ms] Building APK
[   +7 ms] executing: C:\Program Files\Android\Android Studio\jbr\bin\java -version
[ +119 ms] Exit code 0 from: C:\Program Files\Android\Android Studio\jbr\bin\java -version
[        ] openjdk version "21.0.6" 2025-01-21
           OpenJDK Runtime Environment (build 21.0.6+-13391695-b895.109)
           OpenJDK 64-Bit Server VM (build 21.0.6+-13391695-b895.109, mixed mode)
[   +6 ms] Top-level Gradle build file not found, skipping migration of task "clean".
[   +1 ms] executing: C:\Program Files\Android\Android Studio\jbr\bin\java --version
[ +117 ms] Exit code 0 from: C:\Program Files\Android\Android Studio\jbr\bin\java --version
[        ] openjdk 21.0.6 2025-01-21
           OpenJDK Runtime Environment (build 21.0.6+-13391695-b895.109)
           OpenJDK 64-Bit Server VM (build 21.0.6+-13391695-b895.109, mixed mode)
[   +1 ms] Version of Java is different than impacted version, no migration attempted.
[  +15 ms] CMake project not found, skipping support Android 15 16k page size migration.
[   +4 ms] Using gradle from C:\Users\berka\.gemini\antigravity\scratch\quiz_app\android\gradlew.bat.
[  +43 ms] LocalFile: 'C:\Users\berka\.gemini\antigravity\scratch\quiz_app\android\build.gradle.kts' doesn't provide an AGP version. Checking settings.
[   +7 ms] LocalFile: 'C:\Users\berka\.gemini\antigravity\scratch\quiz_app\android\settings.gradle.kts' provides AGP version: 8.9.1
[   +4 ms] Running Gradle task 'assembleDebug'...
[        ] executing: [C:\Users\berka\.gemini\antigravity\scratch\quiz_app\android/] C:\Users\berka\.gemini\antigravity\scratch\quiz_app\android\gradlew.bat --full-stacktrace --info -Pverbose=true -Ptarget-platform=android-x64 -Ptarget=C:\Users\berka\.gemini\antigravity\scratch\quiz_app\lib\main.dart -Pbase-application-name=android.app.Application -Pdart-defines=RkxVVFRFUl9WRVJTSU9OPTMuMzUuMQ==,RkxVVFRFUl9DSEFOTkVMPXN0YWJsZQ==,RkxVVFRFUl9HSVRfVVJMPWh0dHBzOi8vZ2l0aHViLmNvbS9mbHV0dGVyL2ZsdXR0ZXIuZ2l0,RkxVVFRFUl9GUkFNRVdPUktfUkVWSVNJT049MjBmODI3NDkzOQ==,RkxVVFRFUl9FTkdJTkVfUkVWSVNJT049MWU5YTgxMWJmOA==,RkxVVFRFUl9EQVJUX1ZFUlNJT049My45LjA= -Pdart-obfuscation=false -Ptrack-widget-creation=true -Ptree-shake-icons=false -Pfilesystem-scheme=org-dartlang-root assembleDebug
[ +749 ms] Initialized native services in: C:\Users\berka\.gradle\native
[        ] Initialized jansi services in: C:\Users\berka\.gradle\native
[ +424 ms] The client will now receive all logging from the daemon (pid: 14580). The daemon log file: C:\Users\berka\.gradle\daemon\8.12\daemon-14580.out.log
[        ] Starting 3rd build in daemon [uptime: 2 mins 52.165 secs, performance: 100%, GC rate: 0.00/s, heap usage: 0% of 8 GiB, non-heap usage: 5% of 4 GiB]
[        ] Using 16 worker leases.
[        ] Now considering [C:\Users\berka\.gemini\antigravity\scratch\quiz_app\android, C:\Users\berka\Desktop\flutter\packages\flutter_tools\gradle] as hierarchies to watch
[        ] Watching the file system is configured to be enabled if available
[        ] File system watching is active
[        ] Starting Build
[        ] Now considering [C:\Users\berka\Desktop\flutter\packages\flutter_tools\gradle, C:\Users\berka\.gemini\antigravity\scratch\quiz_app\android] as hierarchies to watch
[  +91 ms] > Configure project :gradle
[        ] Evaluating project ':gradle' using build file 'C:\Users\berka\Desktop\flutter\packages\flutter_tools\gradle\build.gradle.kts'.
[        ] Resolved plugin [id: 'org.gradle.java-gradle-plugin']
[        ] Resolved plugin [id: 'org.gradle.groovy']
[        ] Resolved plugin [id: 'org.gradle.kotlin.kotlin-dsl', version: '5.1.2']
[        ] Resolved plugin [id: 'org.jetbrains.kotlin.jvm', version: '1.9.20']
[        ] Using Kotlin Gradle Plugin gradle85 variant
[        ] kotlin scripting plugin: created the scripting discovery configuration: kotlinScriptDef
[        ] kotlin scripting plugin: created the scripting discovery configuration: testKotlinScriptDef
[        ] file or directory 'C:\Users\berka\Desktop\flutter\packages\flutter_tools\gradle\src\main\java', not found
[        ] Resolved plugin [id: 'dev.flutter.flutter-plugin-loader', version: '1.0.0']
[        ] Resolved plugin [id: 'com.android.application', version: '8.9.1', apply: false]
[        ] Resolved plugin [id: 'org.jetbrains.kotlin.android', version: '2.1.0', apply: false]
[        ] Resolved plugin [id: 'com.google.gms.google-services', version: '4.4.1', apply: false]
[        ] Resolve mutations for :gradle:checkKotlinGradlePluginConfigurationErrors (Thread[#520,Execution worker Thread 2,5,main]) started.
[        ] :gradle:checkKotlinGradlePluginConfigurationErrors (Thread[#525,Execution worker Thread 7,5,main]) started.
[        ] > Task :gradle:checkKotlinGradlePluginConfigurationErrors SKIPPED
[        ] Skipping task ':gradle:checkKotlinGradlePluginConfigurationErrors' as task onlyIf 'errorDiagnostics are present' is false.
[        ] Resolve mutations for :gradle:compileKotlin (Thread[#525,Execution worker Thread 7,5,main]) started.
[        ] :gradle:compileKotlin (Thread[#525,Execution worker Thread 7,5,main]) started.
[  +90 ms] > Task :gradle:compileKotlin UP-TO-DATE
[        ] Caching disabled for task ':gradle:compileKotlin' because:
[        ]   Build cache is disabled
[        ] Skipping task ':gradle:compileKotlin' as it is up-to-date.
[        ] Resolve mutations for :gradle:compileJava (Thread[#525,Execution worker Thread 7,5,main]) started.
[        ] :gradle:compileJava (Thread[#525,Execution worker Thread 7,5,main]) started.
[        ] > Task :gradle:compileJava NO-SOURCE
[        ] Skipping task ':gradle:compileJava' as it has no source files and no previous output files.
[        ] Resolve mutations for :gradle:compileGroovy (Thread[#525,Execution worker Thread 7,5,main]) started.
[        ] :gradle:compileGroovy (Thread[#525,Execution worker Thread 7,5,main]) started.
[        ] > Task :gradle:compileGroovy NO-SOURCE
[        ] Skipping task ':gradle:compileGroovy' as it has no source files and no previous output files.
[        ] Resolve mutations for :gradle:pluginDescriptors (Thread[#525,Execution worker Thread 7,5,main]) started.
[        ] :gradle:pluginDescriptors (Thread[#525,Execution worker Thread 7,5,main]) started.
[        ] > Task :gradle:pluginDescriptors UP-TO-DATE
[        ] Caching disabled for task ':gradle:pluginDescriptors' because:
[        ]   Build cache is disabled
[        ]   Not worth caching
[        ] Skipping task ':gradle:pluginDescriptors' as it is up-to-date.
[        ] Resolve mutations for :gradle:processResources (Thread[#525,Execution worker Thread 7,5,main]) started.
[        ] :gradle:processResources (Thread[#525,Execution worker Thread 7,5,main]) started.
[        ] > Task :gradle:processResources UP-TO-DATE
[        ] Caching disabled for task ':gradle:processResources' because:
[        ]   Build cache is disabled
[        ]   Not worth caching
[        ] Skipping task ':gradle:processResources' as it is up-to-date.
[        ] Resolve mutations for :gradle:classes (Thread[#525,Execution worker Thread 7,5,main]) started.
[        ] :gradle:classes (Thread[#525,Execution worker Thread 7,5,main]) started.
[        ] > Task :gradle:classes UP-TO-DATE
[        ] Skipping task ':gradle:classes' as it has no actions.
[        ] Resolve mutations for :gradle:jar (Thread[#525,Execution worker Thread 7,5,main]) started.
[        ] :gradle:jar (Thread[#525,Execution worker Thread 7,5,main]) started.
[        ] > Task :gradle:jar UP-TO-DATE
[        ] Caching disabled for task ':gradle:jar' because:
[        ]   Build cache is disabled
[        ]   Not worth caching
[        ] Skipping task ':gradle:jar' as it is up-to-date.
[ +101 ms] Settings evaluated using settings file 'C:\Users\berka\.gemini\antigravity\scratch\quiz_app\android\settings.gradle.kts'.
[        ] Projects loaded. Root project using build file 'C:\Users\berka\.gemini\antigravity\scratch\quiz_app\android\build.gradle.kts'.
[        ] Included projects: [root project 'android', project ':app', project ':cloud_firestore', project ':firebase_auth', project ':firebase_core', project ':google_sign_in_android', project ':path_provider_android', project ':shared_preferences_android']
[ +202 ms] > Configure project :app
[        ] Evaluating project ':app' using build file 'C:\Users\berka\.gemini\antigravity\scratch\quiz_app\android\app\build.gradle.kts'.
[        ] Resolved plugin [id: 'com.android.application']
[        ] Resolved plugin [id: 'kotlin-android']
[        ] Resolved plugin [id: 'dev.flutter.flutter-gradle-plugin']
[        ] Resolved plugin [id: 'com.google.gms.google-services']
[        ] Using default execution profile
[        ] Using Kotlin Gradle Plugin gradle85 variant
[        ] C/C++: android.ndkVersion from module build.gradle is [27.0.12077973]
[        ] C/C++: android.ndkPath from module build.gradle is not set
[        ] C/C++: ndk.dir in local.properties is not set
[        ] C/C++: Not considering ANDROID_NDK_HOME because support was removed after deprecation period.
[        ] C/C++: sdkFolder is C:\Users\berka\AppData\Local\Android\Sdk
[        ] C/C++: android.ndkVersion from module build.gradle is [27.0.12077973]
[        ] C/C++: android.ndkPath from module build.gradle is not set
[        ] C/C++: ndk.dir in local.properties is not set
[        ] C/C++: Not considering ANDROID_NDK_HOME because support was removed after deprecation period.
[        ] C/C++: sdkFolder is C:\Users\berka\AppData\Local\Android\Sdk
[        ] C/C++: android.ndkVersion from module build.gradle is [27.0.12077973]
[        ] C/C++: android.ndkPath from module build.gradle is not set
[        ] C/C++: ndk.dir in local.properties is not set
[        ] C/C++: Not considering ANDROID_NDK_HOME because support was removed after deprecation period.
[        ] C/C++: sdkFolder is C:\Users\berka\AppData\Local\Android\Sdk
[        ] C/C++: android.ndkVersion from module build.gradle is [27.0.12077973]
[        ] C/C++: android.ndkPath from module build.gradle is not set
[        ] C/C++: ndk.dir in local.properties is not set
[        ] C/C++: Not considering ANDROID_NDK_HOME because support was removed after deprecation period.
[        ] C/C++: sdkFolder is C:\Users\berka\AppData\Local\Android\Sdk
[        ] C/C++: android.ndkVersion from module build.gradle is [27.0.12077973]
[        ] C/C++: android.ndkPath from module build.gradle is not set
[        ] C/C++: ndk.dir in local.properties is not set
[        ] C/C++: Not considering ANDROID_NDK_HOME because support was removed after deprecation period.
[        ] C/C++: sdkFolder is C:\Users\berka\AppData\Local\Android\Sdk
[        ] C/C++: android.ndkVersion from module build.gradle is [27.0.12077973]
[        ] C/C++: android.ndkPath from module build.gradle is not set
[        ] C/C++: ndk.dir in local.properties is not set
[        ] C/C++: Not considering ANDROID_NDK_HOME because support was removed after deprecation period.
[        ] C/C++: sdkFolder is C:\Users\berka\AppData\Local\Android\Sdk
[        ] C/C++: android.ndkVersion from module build.gradle is [27.0.12077973]
[        ] C/C++: android.ndkPath from module build.gradle is not set
[        ] C/C++: ndk.dir in local.properties is not set
[        ] C/C++: Not considering ANDROID_NDK_HOME because support was removed after deprecation period.
[        ] C/C++: sdkFolder is C:\Users\berka\AppData\Local\Android\Sdk
[        ] C/C++: android.ndkVersion from module build.gradle is [27.0.12077973]
[        ] C/C++: android.ndkPath from module build.gradle is not set
[        ] C/C++: ndk.dir in local.properties is not set
[        ] C/C++: Not considering ANDROID_NDK_HOME because support was removed after deprecation period.
[        ] C/C++: sdkFolder is C:\Users\berka\AppData\Local\Android\Sdk
[        ] C/C++: android.ndkVersion from module build.gradle is [27.0.12077973]
[        ] C/C++: android.ndkPath from module build.gradle is not set
[        ] C/C++: ndk.dir in local.properties is not set
[        ] C/C++: Not considering ANDROID_NDK_HOME because support was removed after deprecation period.
[        ] C/C++: sdkFolder is C:\Users\berka\AppData\Local\Android\Sdk
[        ] C/C++: android.ndkVersion from module build.gradle is [27.0.12077973]
[        ] C/C++: android.ndkPath from module build.gradle is not set
[        ] C/C++: ndk.dir in local.properties is not set
[        ] C/C++: Not considering ANDROID_NDK_HOME because support was removed after deprecation period.
[        ] C/C++: sdkFolder is C:\Users\berka\AppData\Local\Android\Sdk
[        ] C/C++: android.ndkVersion from module build.gradle is [27.0.12077973]
[        ] C/C++: android.ndkPath from module build.gradle is not set
[        ] C/C++: ndk.dir in local.properties is not set
[        ] C/C++: Not considering ANDROID_NDK_HOME because support was removed after deprecation period.
[        ] C/C++: sdkFolder is C:\Users\berka\AppData\Local\Android\Sdk
[        ] C/C++: android.ndkVersion from module build.gradle is [27.0.12077973]
[        ] C/C++: android.ndkPath from module build.gradle is not set
[        ] C/C++: ndk.dir in local.properties is not set
[        ] C/C++: Not considering ANDROID_NDK_HOME because support was removed after deprecation period.
[        ] C/C++: sdkFolder is C:\Users\berka\AppData\Local\Android\Sdk
[        ] C/C++: android.ndkVersion from module build.gradle is [27.0.12077973]
[        ] C/C++: android.ndkPath from module build.gradle is not set
[        ] C/C++: ndk.dir in local.properties is not set
[        ] C/C++: Not considering ANDROID_NDK_HOME because support was removed after deprecation period.
[        ] C/C++: sdkFolder is C:\Users\berka\AppData\Local\Android\Sdk
[        ] C/C++: android.ndkVersion from module build.gradle is [27.0.12077973]
[        ] C/C++: android.ndkPath from module build.gradle is not set
[        ] C/C++: ndk.dir in local.properties is not set
[        ] C/C++: Not considering ANDROID_NDK_HOME because support was removed after deprecation period.
[        ] C/C++: sdkFolder is C:\Users\berka\AppData\Local\Android\Sdk
[        ] C/C++: android.ndkVersion from module build.gradle is [27.0.12077973]
[        ] C/C++: android.ndkPath from module build.gradle is not set
[        ] C/C++: ndk.dir in local.properties is not set
[        ] C/C++: Not considering ANDROID_NDK_HOME because support was removed after deprecation period.
[        ] C/C++: sdkFolder is C:\Users\berka\AppData\Local\Android\Sdk
[        ] C/C++: android.ndkVersion from module build.gradle is [27.0.12077973]
[        ] C/C++: android.ndkPath from module build.gradle is not set
[        ] C/C++: ndk.dir in local.properties is not set
[        ] C/C++: Not considering ANDROID_NDK_HOME because support was removed after deprecation period.
[        ] C/C++: sdkFolder is C:\Users\berka\AppData\Local\Android\Sdk
[        ] C/C++: android.ndkVersion from module build.gradle is [27.0.12077973]
[        ] C/C++: android.ndkPath from module build.gradle is not set
[        ] C/C++: ndk.dir in local.properties is not set
[        ] C/C++: Not considering ANDROID_NDK_HOME because support was removed after deprecation period.
[        ] C/C++: sdkFolder is C:\Users\berka\AppData\Local\Android\Sdk
[        ] C/C++: android.ndkVersion from module build.gradle is [27.0.12077973]
[        ] C/C++: android.ndkPath from module build.gradle is not set
[        ] C/C++: ndk.dir in local.properties is not set
[        ] C/C++: Not considering ANDROID_NDK_HOME because support was removed after deprecation period.
[        ] C/C++: sdkFolder is C:\Users\berka\AppData\Local\Android\Sdk
[        ] C/C++: android.ndkVersion from module build.gradle is [27.0.12077973]
[        ] C/C++: android.ndkPath from module build.gradle is not set
[        ] C/C++: ndk.dir in local.properties is not set
[        ] C/C++: Not considering ANDROID_NDK_HOME because support was removed after deprecation period.
[        ] C/C++: sdkFolder is C:\Users\berka\AppData\Local\Android\Sdk
[        ] > Configure project :
[        ] Evaluating root project 'android' using build file 'C:\Users\berka\.gemini\antigravity\scratch\quiz_app\android\build.gradle.kts'.
[  +74 ms] > Configure project :cloud_firestore
[        ] Evaluating project ':cloud_firestore' using build file 'C:\Users\berka\AppData\Local\Pub\Cache\hosted\pub.dev\cloud_firestore-6.1.3\android\build.gradle'.
[        ] Using default execution profile
[ +107 ms] > Configure project :firebase_auth
[        ] Evaluating project ':firebase_auth' using build file 'C:\Users\berka\AppData\Local\Pub\Cache\hosted\pub.dev\firebase_auth-6.2.0\android\build.gradle'.
[        ] Using default execution profile
[        ] > Configure project :firebase_core
[        ] Evaluating project ':firebase_core' using build file 'C:\Users\berka\AppData\Local\Pub\Cache\hosted\pub.dev\firebase_core-4.5.0\android\build.gradle'.
[        ] Using default execution profile
[ +200 ms] > Configure project :google_sign_in_android
[        ] Evaluating project ':google_sign_in_android' using build file 'C:\Users\berka\AppData\Local\Pub\Cache\hosted\pub.dev\google_sign_in_android-7.2.9\android\build.gradle'.
[        ] Using default execution profile
[        ] Using Kotlin Gradle Plugin gradle85 variant
[  +94 ms] > Configure project :path_provider_android
[        ] Evaluating project ':path_provider_android' using build file 'C:\Users\berka\AppData\Local\Pub\Cache\hosted\pub.dev\path_provider_android-2.2.22\android\build.gradle'.
[        ] Using default execution profile
[ +103 ms] > Configure project :shared_preferences_android
[        ] Evaluating project ':shared_preferences_android' using build file 'C:\Users\berka\AppData\Local\Pub\Cache\hosted\pub.dev\shared_preferences_android-2.4.21\android\build.gradle'.
[        ] Using default execution profile
[        ] Using Kotlin Gradle Plugin gradle85 variant
[        ] All projects evaluated.
[        ] Task name matched 'assembleDebug'
[        ] Selected primary task 'assembleDebug' from project :
[        ] Adding -Xuse-inline-scopes-numbers Kotlin compiler flag for task :app:compileDebugKotlin
[ +294 ms] Tasks to be executed: [task ':app:DebugMinSdkCheck', task ':app:preBuild', task ':app:preDebugBuild', task ':app:mergeDebugNativeDebugMetadata', task ':app:checkKotlinGradlePluginConfigurationErrors', task ':app:compileFlutterBuildDebug', task ':app:packJniLibsflutterBuildDebug', task ':cloud_firestore:preBuild', task ':cloud_firestore:preDebugBuild', task ':cloud_firestore:writeDebugAarMetadata', task ':firebase_auth:preBuild', task ':firebase_auth:preDebugBuild', task ':firebase_auth:writeDebugAarMetadata', task ':firebase_core:preBuild', task ':firebase_core:preDebugBuild', task ':firebase_core:writeDebugAarMetadata', task ':google_sign_in_android:preBuild', task ':google_sign_in_android:preDebugBuild', task ':google_sign_in_android:writeDebugAarMetadata', task ':path_provider_android:preBuild', task ':path_provider_android:preDebugBuild', task ':path_provider_android:writeDebugAarMetadata', task ':shared_preferences_android:preBuild', task ':shared_preferences_android:preDebugBuild', task ':shared_preferences_android:writeDebugAarMetadata', task ':app:checkDebugAarMetadata', task ':app:cleanMergeDebugAssets', task ':app:mergeDebugShaders', task ':app:compileDebugShaders', task ':app:generateDebugAssets', task ':cloud_firestore:mergeDebugShaders', task ':cloud_firestore:compileDebugShaders', task ':cloud_firestore:generateDebugAssets', task ':cloud_firestore:mergeDebugAssets', task ':firebase_auth:mergeDebugShaders', task ':firebase_auth:compileDebugShaders', task ':firebase_auth:generateDebugAssets', task ':firebase_auth:mergeDebugAssets', task ':firebase_core:mergeDebugShaders', task ':firebase_core:compileDebugShaders', task ':firebase_core:generateDebugAssets', task ':firebase_core:mergeDebugAssets', task ':google_sign_in_android:mergeDebugShaders', task ':google_sign_in_android:compileDebugShaders', task ':google_sign_in_android:generateDebugAssets', task ':google_sign_in_android:mergeDebugAssets', task ':path_provider_android:mergeDebugShaders', task ':path_provider_android:compileDebugShaders', task ':path_provider_android:generateDebugAssets', task ':path_provider_android:mergeDebugAssets', task ':shared_preferences_android:mergeDebugShaders', task ':shared_preferences_android:compileDebugShaders', task ':shared_preferences_android:generateDebugAssets', task ':shared_preferences_android:mergeDebugAssets', task ':app:mergeDebugAssets', task ':app:copyFlutterAssetsDebug', task ':app:generateDebugResValues', task ':app:processDebugGoogleServices', task ':cloud_firestore:generateDebugResValues', task ':cloud_firestore:generateDebugResources', task ':cloud_firestore:packageDebugResources', task ':firebase_auth:generateDebugResValues', task ':firebase_auth:generateDebugResources', task ':firebase_auth:packageDebugResources', task ':firebase_core:generateDebugResValues', task ':firebase_core:generateDebugResources', task ':firebase_core:packageDebugResources', task ':google_sign_in_android:generateDebugResValues', task ':google_sign_in_android:generateDebugResources', task ':google_sign_in_android:packageDebugResources', task ':path_provider_android:generateDebugResValues', task ':path_provider_android:generateDebugResources', task ':path_provider_android:packageDebugResources', task ':shared_preferences_android:generateDebugResValues', task ':shared_preferences_android:generateDebugResources', task ':shared_preferences_android:packageDebugResources', task ':app:mapDebugSourceSetPaths', task ':app:generateDebugResources', task ':app:mergeDebugResources', task ':app:packageDebugResources', task ':app:parseDebugLocalResources', task ':app:createDebugCompatibleScreenManifests', task ':app:extractDeepLinksDebug', task ':cloud_firestore:extractDeepLinksDebug', task ':cloud_firestore:processDebugManifest', task ':firebase_auth:extractDeepLinksDebug', task ':firebase_auth:processDebugManifest', task ':firebase_core:extractDeepLinksDebug', task ':firebase_core:processDebugManifest', task ':google_sign_in_android:extractDeepLinksDebug', task ':google_sign_in_android:processDebugManifest', task ':path_provider_android:extractDeepLinksDebug', task ':path_provider_android:processDebugManifest', task ':shared_preferences_android:extractDeepLinksDebug', task ':shared_preferences_android:processDebugManifest', task ':app:processDebugMainManifest', task ':app:processDebugManifest', task ':app:processDebugManifestForPackage', task ':cloud_firestore:compileDebugLibraryResources', task ':cloud_firestore:parseDebugLocalResources', task ':cloud_firestore:generateDebugRFile', task ':firebase_auth:compileDebugLibraryResources', task ':firebase_auth:parseDebugLocalResources', task ':firebase_auth:generateDebugRFile', task ':firebase_core:compileDebugLibraryResources', task ':firebase_core:parseDebugLocalResources', task ':firebase_core:generateDebugRFile', task ':google_sign_in_android:compileDebugLibraryResources', task ':google_sign_in_android:parseDebugLocalResources', task ':google_sign_in_android:generateDebugRFile', task ':path_provider_android:compileDebugLibraryResources', task ':path_provider_android:parseDebugLocalResources', task ':path_provider_android:generateDebugRFile', task ':shared_preferences_android:compileDebugLibraryResources', task ':shared_preferences_android:parseDebugLocalResources', task ':shared_preferences_android:generateDebugRFile', task ':app:processDebugResources', task ':cloud_firestore:generateDebugBuildConfig', task ':cloud_firestore:javaPreCompileDebug', task ':firebase_core:generateDebugBuildConfig', task ':firebase_core:javaPreCompileDebug', task ':firebase_core:compileDebugJavaWithJavac', task ':firebase_core:bundleLibCompileToJarDebug', task ':cloud_firestore:compileDebugJavaWithJavac', task ':cloud_firestore:bundleLibCompileToJarDebug', task ':firebase_auth:generateDebugBuildConfig', task ':firebase_auth:javaPreCompileDebug', task ':firebase_auth:compileDebugJavaWithJavac', task ':firebase_auth:bundleLibCompileToJarDebug', task ':google_sign_in_android:checkKotlinGradlePluginConfigurationErrors', task ':google_sign_in_android:compileDebugKotlin', task ':google_sign_in_android:javaPreCompileDebug', task ':google_sign_in_android:compileDebugJavaWithJavac', task ':google_sign_in_android:bundleLibCompileToJarDebug', task ':path_provider_android:javaPreCompileDebug', task ':path_provider_android:compileDebugJavaWithJavac', task ':path_provider_android:bundleLibCompileToJarDebug', task ':shared_preferences_android:checkKotlinGradlePluginConfigurationErrors', task ':shared_preferences_android:compileDebugKotlin', task ':shared_preferences_android:javaPreCompileDebug', task ':shared_preferences_android:compileDebugJavaWithJavac', task ':shared_preferences_android:bundleLibCompileToJarDebug', task ':app:compileDebugKotlin', task ':app:javaPreCompileDebug', task ':app:compileDebugJavaWithJavac', task ':app:compressDebugAssets', task ':app:processDebugJavaRes', task ':cloud_firestore:processDebugJavaRes', task ':firebase_auth:processDebugJavaRes', task ':firebase_core:processDebugJavaRes', task ':google_sign_in_android:processDebugJavaRes', task ':path_provider_android:processDebugJavaRes', task ':shared_preferences_android:processDebugJavaRes', task ':app:mergeDebugJavaResource', task ':app:checkDebugDuplicateClasses', task ':app:desugarDebugFileDependencies', task ':app:mergeExtDexDebug', task ':cloud_firestore:bundleLibRuntimeToDirDebug', task ':firebase_auth:bundleLibRuntimeToDirDebug', task ':firebase_core:bundleLibRuntimeToDirDebug', task ':google_sign_in_android:bundleLibRuntimeToDirDebug', task ':path_provider_android:bundleLibRuntimeToDirDebug', task ':shared_preferences_android:bundleLibRuntimeToDirDebug', task ':app:mergeLibDexDebug', task ':app:dexBuilderDebug', task ':app:mergeProjectDexDebug', task ':app:configureCMakeDebug[arm64-v8a]', task ':app:buildCMakeDebug[arm64-v8a]', task ':app:configureCMakeDebug[armeabi-v7a]', task ':app:buildCMakeDebug[armeabi-v7a]', task ':app:configureCMakeDebug[x86_64]', task ':app:buildCMakeDebug[x86_64]', task ':app:mergeDebugJniLibFolders', task ':cloud_firestore:mergeDebugJniLibFolders', task ':cloud_firestore:mergeDebugNativeLibs', task ':cloud_firestore:copyDebugJniLibsProjectOnly', task ':firebase_auth:mergeDebugJniLibFolders', task ':firebase_auth:mergeDebugNativeLibs', task ':firebase_auth:copyDebugJniLibsProjectOnly', task ':firebase_core:mergeDebugJniLibFolders', task ':firebase_core:mergeDebugNativeLibs', task ':firebase_core:copyDebugJniLibsProjectOnly', task ':google_sign_in_android:mergeDebugJniLibFolders', task ':google_sign_in_android:mergeDebugNativeLibs', task ':google_sign_in_android:copyDebugJniLibsProjectOnly', task ':path_provider_android:mergeDebugJniLibFolders', task ':path_provider_android:mergeDebugNativeLibs', task ':path_provider_android:copyDebugJniLibsProjectOnly', task ':shared_preferences_android:mergeDebugJniLibFolders', task ':shared_preferences_android:mergeDebugNativeLibs', task ':shared_preferences_android:copyDebugJniLibsProjectOnly', task ':app:mergeDebugNativeLibs', task ':app:stripDebugDebugSymbols', task ':app:validateSigningDebug', task ':app:writeDebugAppMetadata', task ':app:writeDebugSigningConfigVersions', task ':app:packageDebug', task ':app:createDebugApkListingFileRedirect', task ':app:assembleDebug', task ':cloud_firestore:stripDebugDebugSymbols', task ':cloud_firestore:copyDebugJniLibsProjectAndLocalJars', task ':cloud_firestore:extractDebugAnnotations', task ':cloud_firestore:extractDeepLinksForAarDebug', task ':cloud_firestore:mergeDebugGeneratedProguardFiles', task ':cloud_firestore:mergeDebugConsumerProguardFiles', task ':cloud_firestore:prepareDebugArtProfile', task ':cloud_firestore:prepareLintJarForPublish', task ':cloud_firestore:mergeDebugJavaResource', task ':cloud_firestore:syncDebugLibJars', task ':cloud_firestore:bundleDebugAar', task ':cloud_firestore:assembleDebug', task ':firebase_auth:stripDebugDebugSymbols', task ':firebase_auth:copyDebugJniLibsProjectAndLocalJars', task ':firebase_auth:extractDebugAnnotations', task ':firebase_auth:extractDeepLinksForAarDebug', task ':firebase_auth:mergeDebugGeneratedProguardFiles', task ':firebase_auth:mergeDebugConsumerProguardFiles', task ':firebase_auth:prepareDebugArtProfile', task ':firebase_auth:prepareLintJarForPublish', task ':firebase_auth:mergeDebugJavaResource', task ':firebase_auth:syncDebugLibJars', task ':firebase_auth:bundleDebugAar', task ':firebase_auth:assembleDebug', task ':firebase_core:stripDebugDebugSymbols', task ':firebase_core:copyDebugJniLibsProjectAndLocalJars', task ':firebase_core:extractDebugAnnotations', task ':firebase_core:extractDeepLinksForAarDebug', task ':firebase_core:mergeDebugGeneratedProguardFiles', task ':firebase_core:mergeDebugConsumerProguardFiles', task ':firebase_core:prepareDebugArtProfile', task ':firebase_core:prepareLintJarForPublish', task ':firebase_core:mergeDebugJavaResource', task ':firebase_core:syncDebugLibJars', task ':firebase_core:bundleDebugAar', task ':firebase_core:assembleDebug', task ':google_sign_in_android:stripDebugDebugSymbols', task ':google_sign_in_android:copyDebugJniLibsProjectAndLocalJars', task ':google_sign_in_android:extractDebugAnnotations', task ':google_sign_in_android:extractDeepLinksForAarDebug', task ':google_sign_in_android:mergeDebugGeneratedProguardFiles', task ':google_sign_in_android:mergeDebugConsumerProguardFiles', task ':google_sign_in_android:prepareDebugArtProfile', task ':google_sign_in_android:prepareLintJarForPublish', task ':google_sign_in_android:mergeDebugJavaResource', task ':google_sign_in_android:syncDebugLibJars', task ':google_sign_in_android:bundleDebugAar', task ':google_sign_in_android:assembleDebug', task ':path_provider_android:stripDebugDebugSymbols', task ':path_provider_android:copyDebugJniLibsProjectAndLocalJars', task ':path_provider_android:extractDebugAnnotations', task ':path_provider_android:extractDeepLinksForAarDebug', task ':path_provider_android:mergeDebugGeneratedProguardFiles', task ':path_provider_android:mergeDebugConsumerProguardFiles', task ':path_provider_android:prepareDebugArtProfile', task ':path_provider_android:prepareLintJarForPublish', task ':path_provider_android:mergeDebugJavaResource', task ':path_provider_android:syncDebugLibJars', task ':path_provider_android:bundleDebugAar', task ':path_provider_android:assembleDebug', task ':shared_preferences_android:stripDebugDebugSymbols', task ':shared_preferences_android:copyDebugJniLibsProjectAndLocalJars', task ':shared_preferences_android:extractDebugAnnotations', task ':shared_preferences_android:extractDeepLinksForAarDebug', task ':shared_preferences_android:mergeDebugGeneratedProguardFiles', task ':shared_preferences_android:mergeDebugConsumerProguardFiles', task ':shared_preferences_android:prepareDebugArtProfile', task ':shared_preferences_android:prepareLintJarForPublish', task ':shared_preferences_android:mergeDebugJavaResource', task ':shared_preferences_android:syncDebugLibJars', task ':shared_preferences_android:bundleDebugAar', task ':shared_preferences_android:assembleDebug']
[   +1 ms] Tasks that were excluded: []
[        ] work action Parameters of ClassesDirToClassesTransform (Thread[#521,Execution worker Thread 3,5,main]) started.
[        ] work action Parameters of DexingNoClasspathTransform (Thread[#531,Execution worker Thread 13,5,main]) started.
[        ] Resolve mutations for :app:DebugMinSdkCheck (Thread[#531,Execution worker Thread 13,5,main]) started.
[        ] :app:DebugMinSdkCheck (Thread[#522,Execution worker Thread 4,5,main]) started.
[        ] > Task :app:DebugMinSdkCheck
[        ] Caching disabled for task ':app:DebugMinSdkCheck' because:
[        ]   Build cache is disabled
[        ] Task ':app:DebugMinSdkCheck' is not up-to-date because:
[        ]   Task has not declared any outputs despite executing actions.
[        ] Resolve mutations for :app:preBuild (Thread[#522,Execution worker Thread 4,5,main]) started.
[        ] :app:preBuild (Thread[#522,Execution worker Thread 4,5,main]) started.
[        ] > Task :app:preBuild UP-TO-DATE
[        ] Skipping task ':app:preBuild' as it has no actions.
[        ] Resolve mutations for :app:preDebugBuild (Thread[#522,Execution worker Thread 4,5,main]) started.
[        ] :app:preDebugBuild (Thread[#524,Execution worker Thread 6,5,main]) started.
[        ] > Task :app:preDebugBuild UP-TO-DATE
[        ] Skipping task ':app:preDebugBuild' as it has no actions.
[        ] Resolve mutations for :app:mergeDebugNativeDebugMetadata (Thread[#524,Execution worker Thread 6,5,main]) started.
[        ] :app:mergeDebugNativeDebugMetadata (Thread[#524,Execution worker Thread 6,5,main]) started.
[        ] > Task :app:mergeDebugNativeDebugMetadata NO-SOURCE
[        ] Skipping task ':app:mergeDebugNativeDebugMetadata' as it has no source files and no previous output files.
[        ] Resolve mutations for :app:checkKotlinGradlePluginConfigurationErrors (Thread[#524,Execution worker Thread 6,5,main]) started.
[        ] :app:checkKotlinGradlePluginConfigurationErrors (Thread[#524,Execution worker Thread 6,5,main]) started.
[        ] > Task :app:checkKotlinGradlePluginConfigurationErrors SKIPPED
[        ] Skipping task ':app:checkKotlinGradlePluginConfigurationErrors' as task onlyIf 'errorDiagnostics are present' is false.
[        ] Resolve mutations for :app:compileFlutterBuildDebug (Thread[#524,Execution worker Thread 6,5,main]) started.
[        ] :app:compileFlutterBuildDebug (Thread[#524,Execution worker Thread 6,5,main]) started.
[ +476 ms] lib/services/auth_service.dart:6:38: Error: Couldn't find constructor 'GoogleSignIn'.
[        ]   final GoogleSignIn _googleSignIn = GoogleSignIn();
[        ]                                      ^^^^^^^^^^^^
[        ] lib/services/auth_service.dart:28:67: Error: The method 'signIn' isn't defined for the type 'GoogleSignIn'.
[        ]  - 'GoogleSignIn' is from 'package:google_sign_in/google_sign_in.dart' ('../../../../AppData/Local/Pub/Cache/hosted/pub.dev/google_sign_in-7.2.0/lib/google_sign_in.dart').
[        ] Try correcting the name to the name of an existing method, or defining a method named 'signIn'.
[        ]       final GoogleSignInAccount? googleUser = await _googleSignIn.signIn();
[        ]                                                                   ^^^^^^
[        ] lib/services/auth_service.dart:39:33: Error: The getter 'accessToken' isn't defined for the type 'GoogleSignInAuthentication'.
[        ]  - 'GoogleSignInAuthentication' is from 'package:google_sign_in/src/token_types.dart' ('../../../../AppData/Local/Pub/Cache/hosted/pub.dev/google_sign_in-7.2.0/lib/src/token_types.dart').
[        ] Try correcting the name to the name of an existing getter, or defining a getter or field named 'accessToken'.
[        ]         accessToken: googleAuth.accessToken,
[        ]                                 ^^^^^^^^^^^
[+1421 ms] > Task :app:compileFlutterBuildDebug
[        ] Caching disabled for task ':app:compileFlutterBuildDebug' because:
[        ]   Build cache is disabled
[        ]   Caching has not been enabled for the task
[        ] Task ':app:compileFlutterBuildDebug' is not up-to-date because:
[        ]   Task has failed previously.
[        ] Starting process 'command 'C:\Users\berka\Desktop\flutter\bin\flutter.bat''. Working directory: C:\Users\berka\.gemini\antigravity\scratch\quiz_app Command: C:\Users\berka\Desktop\flutter\bin\flutter.bat --verbose assemble --no-version-check --depfile C:\Users\berka\.gemini\antigravity\scratch\quiz_app\build\app\intermediates\flutter\debug/flutter_build.d --output C:\Users\berka\.gemini\antigravity\scratch\quiz_app\build\app\intermediates\flutter\debug -dTargetFile=C:\Users\berka\.gemini\antigravity\scratch\quiz_app\lib\main.dart -dTargetPlatform=android -dBuildMode=debug -dTrackWidgetCreation=true --DartDefines=RkxVVFRFUl9WRVJTSU9OPTMuMzUuMQ==,RkxVVFRFUl9DSEFOTkVMPXN0YWJsZQ==,RkxVVFRFUl9HSVRfVVJMPWh0dHBzOi8vZ2l0aHViLmNvbS9mbHV0dGVyL2ZsdXR0ZXIuZ2l0,RkxVVFRFUl9GUkFNRVdPUktfUkVWSVNJT049MjBmODI3NDkzOQ==,RkxVVFRFUl9FTkdJTkVfUkVWSVNJT049MWU5YTgxMWJmOA==,RkxVVFRFUl9EQVJUX1ZFUlNJT049My45LjA= -dFlavor= -dAndroidArchs=android-x64 -dMinSdkVersion=24 debug_android_application
[        ] Successfully started process 'command 'C:\Users\berka\Desktop\flutter\bin\flutter.bat''
[        ] [ +165 ms] Artifact Instance of 'MaterialFonts' is not required, skipping update.
[        ] [        ] Artifact Instance of 'GradleWrapper' is not required, skipping update.
[        ] [        ] Artifact Instance of 'AndroidGenSnapshotArtifacts' is not required, skipping update.
[        ] [        ] Artifact Instance of 'AndroidInternalBuildArtifacts' is not required, skipping update.
[        ] [        ] Artifact Instance of 'IOSEngineArtifacts' is not required, skipping update.
[        ] [        ] Artifact Instance of 'FlutterWebSdk' is not required, skipping update.
[        ] [   +1 ms] Artifact Instance of 'LegacyCanvasKitRemover' is not required, skipping update.
[        ] [        ] Artifact Instance of 'FlutterSdk' is not required, skipping update.
[        ] [        ] Artifact Instance of 'WindowsEngineArtifacts' is not required, skipping update.
[        ] [        ] Artifact Instance of 'MacOSEngineArtifacts' is not required, skipping update.
[        ] [        ] Artifact Instance of 'LinuxEngineArtifacts' is not required, skipping update.
[        ] [        ] Artifact Instance of 'LinuxFuchsiaSDKArtifacts' is not required, skipping update.
[        ] [        ] Artifact Instance of 'MacOSFuchsiaSDKArtifacts' is not required, skipping update.
[        ] [        ] Artifact Instance of 'FlutterRunnerSDKArtifacts' is not required, skipping update.
[        ] [        ] Artifact Instance of 'FlutterRunnerDebugSymbols' is not required, skipping update.
[        ] [        ] Artifact Instance of 'IosUsbArtifacts' is not required, skipping update.
[        ] [        ] Artifact Instance of 'IosUsbArtifacts' is not required, skipping update.
[        ] [        ] Artifact Instance of 'IosUsbArtifacts' is not required, skipping update.
[        ] [        ] Artifact Instance of 'IosUsbArtifacts' is not required, skipping update.
[        ] [        ] Artifact Instance of 'IosUsbArtifacts' is not required, skipping update.
[        ] [        ] Artifact Instance of 'IosUsbArtifacts' is not required, skipping update.
[        ] [        ] Artifact Instance of 'FontSubsetArtifacts' is not required, skipping update.
[        ] [        ] Artifact Instance of 'PubDependencies' is not required, skipping update.
[        ] [  +11 ms] Artifact Instance of 'AndroidGenSnapshotArtifacts' is not required, skipping update.
[        ] [        ] Artifact Instance of 'AndroidInternalBuildArtifacts' is not required, skipping update.
[        ] [        ] Artifact Instance of 'IOSEngineArtifacts' is not required, skipping update.
[        ] [        ] Artifact Instance of 'FlutterWebSdk' is not required, skipping update.
[        ] [        ] Artifact Instance of 'FlutterEngineStamp' is not required, skipping update.
[        ] [        ] Artifact Instance of 'LegacyCanvasKitRemover' is not required, skipping update.
[        ] [   +2 ms] Artifact Instance of 'WindowsEngineArtifacts' is not required, skipping update.
[        ] [        ] Artifact Instance of 'MacOSEngineArtifacts' is not required, skipping update.
[        ] [        ] Artifact Instance of 'LinuxEngineArtifacts' is not required, skipping update.
[        ] [        ] Artifact Instance of 'LinuxFuchsiaSDKArtifacts' is not required, skipping update.
[        ] [        ] Artifact Instance of 'MacOSFuchsiaSDKArtifacts' is not required, skipping update.
[        ] [        ] Artifact Instance of 'FlutterRunnerSDKArtifacts' is not required, skipping update.
[        ] [        ] Artifact Instance of 'FlutterRunnerDebugSymbols' is not required, skipping update.
[        ] [  +67 ms] Artifact Instance of 'MaterialFonts' is not required, skipping update.
[        ] [        ] Artifact Instance of 'GradleWrapper' is not required, skipping update.
[        ] [   +2 ms] Artifact Instance of 'AndroidInternalBuildArtifacts' is not required, skipping update.
[        ] [        ] Artifact Instance of 'IOSEngineArtifacts' is not required, skipping update.
[        ] [        ] Artifact Instance of 'FlutterWebSdk' is not required, skipping update.
[        ] [        ] Artifact Instance of 'FlutterEngineStamp' is not required, skipping update.
[        ] [        ] Artifact Instance of 'LegacyCanvasKitRemover' is not required, skipping update.
[        ] [        ] Artifact Instance of 'FlutterSdk' is not required, skipping update.
[        ] [        ] Artifact Instance of 'WindowsEngineArtifacts' is not required, skipping update.
[        ] [        ] Artifact Instance of 'MacOSEngineArtifacts' is not required, skipping update.
[        ] [        ] Artifact Instance of 'LinuxEngineArtifacts' is not required, skipping update.
[        ] [        ] Artifact Instance of 'LinuxFuchsiaSDKArtifacts' is not required, skipping update.
[        ] [        ] Artifact Instance of 'MacOSFuchsiaSDKArtifacts' is not required, skipping update.
[        ] [        ] Artifact Instance of 'FlutterRunnerSDKArtifacts' is not required, skipping update.
[        ] [        ] Artifact Instance of 'FlutterRunnerDebugSymbols' is not required, skipping update.
[        ] [        ] Artifact Instance of 'IosUsbArtifacts' is not required, skipping update.
[        ] [        ] Artifact Instance of 'IosUsbArtifacts' is not required, skipping update.
[        ] [        ] Artifact Instance of 'IosUsbArtifacts' is not required, skipping update.
[        ] [        ] Artifact Instance of 'IosUsbArtifacts' is not required, skipping update.
[        ] [        ] Artifact Instance of 'IosUsbArtifacts' is not required, skipping update.
[        ] [        ] Artifact Instance of 'IosUsbArtifacts' is not required, skipping update.
[        ] [        ] Artifact Instance of 'FontSubsetArtifacts' is not required, skipping update.
[        ] [        ] Artifact Instance of 'PubDependencies' is not required, skipping update.
[        ] [  +36 ms] Initializing file store
[        ] [  +16 ms] Done initializing file store
[        ] [  +53 ms] Skipping target: gen_dart_plugin_registrant
[        ] [   +2 ms] Skipping target: dart_build
[        ] [        ] Skipping target: gen_localizations
[        ] [   +1 ms] Skipping target: install_code_assets
[        ] [ +468 ms] kernel_snapshot_program: Starting due to {InvalidatedReasonKind.outputSetAddition: The following outputs were added to the output set: C:\Users\berka\.gemini\antigravity\scratch\quiz_app\.dart_tool\flutter_build\c22cffae62c5a3de5d234f8c0eb08b94\app.dill}
[        ] [  +10 ms] C:\Users\berka\Desktop\flutter\bin\cache\dart-sdk\bin\dartaotruntime.exe C:\Users\berka\Desktop\flutter\bin\cache\dart-sdk\bin\snapshots\frontend_server_aot.dart.snapshot --sdk-root C:\Users\berka\Desktop\flutter\bin\cache\artifacts\engine\common\flutter_patched_sdk/ --target=flutter --no-print-incremental-dependencies -DFLUTTER_VERSION=3.35.1 -DFLUTTER_CHANNEL=stable -DFLUTTER_GIT_URL=https://github.com/flutter/flutter.git -DFLUTTER_FRAMEWORK_REVISION=20f8274939 -DFLUTTER_ENGINE_REVISION=1e9a811bf8 -DFLUTTER_DART_VERSION=3.9.0 -DFLUTTER_APP_FLAVOR= -Ddart.vm.profile=false -Ddart.vm.product=false --enable-asserts --track-widget-creation --no-link-platform --packages C:\Users\berka\.gemini\antigravity\scratch\quiz_app\.dart_tool\package_config.json --output-dill C:\Users\berka\.gemini\antigravity\scratch\quiz_app\.dart_tool\flutter_build\c22cffae62c5a3de5d234f8c0eb08b94\app.dill --depfile C:\Users\berka\.gemini\antigravity\scratch\quiz_app\.dart_tool\flutter_build\c22cffae62c5a3de5d234f8c0eb08b94\kernel_snapshot_program.d --incremental --initialize-from-dill C:\Users\berka\.gemini\antigravity\scratch\quiz_app\.dart_tool\flutter_build\c22cffae62c5a3de5d234f8c0eb08b94\app.dill --source file:///C:/Users/berka/.gemini/antigravity/scratch/quiz_app/.dart_tool/flutter_build/dart_plugin_registrant.dart --source package:flutter/src/dart_plugin_registrant.dart -Dflutter.dart_plugin_registrant=file:///C:/Users/berka/.gemini/antigravity/scratch/quiz_app/.dart_tool/flutter_build/dart_plugin_registrant.dart --verbosity=error package:quiz_app/main.dart
[        ] [ +236 ms] Persisting file store
[        ] [  +14 ms] Done persisting file store
[        ] [  +12 ms] "flutter assemble" took 2.089ms.
[        ] [        ] Running 1 shutdown hook
[        ] [   +1 ms] Shutdown hooks complete
[ +194 ms] [ +211 ms] exiting with code 1
[ +107 ms] > Task :app:compileFlutterBuildDebug FAILED
[        ] [Incubating] Problems report is available at: file:///C:/Users/berka/.gemini/antigravity/scratch/quiz_app/build/reports/problems/problems-report.html
[        ] Deprecated Gradle features were used in this build, making it incompatible with Gradle 9.0.
[        ] You can use '--warning-mode all' to show the individual deprecation warnings and determine if they come from your own scripts or plugins.
[        ] For more on this, please refer to https://docs.gradle.org/8.12/userguide/command_line_interface.html#sec:command_line_warnings in the Gradle documentation.
[        ] 6 actionable tasks: 2 executed, 4 up-to-date
[        ] Watched directory hierarchies: [C:\Users\berka\Desktop\flutter\packages\flutter_tools\gradle]
[  +36 ms] Running Gradle task 'assembleDebug'... (completed in 6,1s)
[   +2 ms] "flutter run" took 9.304ms.
[        ] Running 3 shutdown hooks
[  +11 ms] Shutdown hooks complete
[  +76 ms] exiting with code 1
